yarn run v1.22.22
$ /var/www/html/node_modules/.bin/encore dev
Running webpack ...

DEPRECATION WARNING: Using / for division outside of calc() is deprecated and will be removed in Dart Sass 2.0.0.

Recommendation: math.div($number, $number * 0 + 1) or calc($number / ($number * 0 + 1))

More info and automated migrator: https://sass-lang.com/d/slash-div

   ╷
57 │         @return $number / ($number * 0 + 1);
   │                 ^^^^^^^^^^^^^^^^^^^^^^^^^^^
   ╵
    assets/scss/_mixins.scss 57:17  strip-unit()
    assets/scss/_mixins.scss 47:42  fluid-text()
    assets/scss/app.scss 57:5       root stylesheet

 ERROR  Failed to compile with 2 errors12:50:18 AM

 error  in ./assets/scss/app.scss12:50:18 AM

Module build failed (from ./node_modules/sass-loader/dist/cjs.js):
SassError: Top-level selectors may not contain the parent selector "&".
   ╷
74 │     html:not([data-theme='light']) & {
   │                                    ^
   ╵
  assets/scss/_mixins.scss 74:36  dark-mode()
  assets/scss/app.scss 684:1      root stylesheet

 error  in ./assets/scss/app.scss12:50:18 AM

Module build failed (from ./node_modules/mini-css-extract-plugin/dist/loader.js):
ModuleBuildError: Module build failed (from ./node_modules/sass-loader/dist/cjs.js):
SassError: Top-level selectors may not contain the parent selector "&".
   ╷
74 │     html:not([data-theme='light']) & {
   │                                    ^
   ╵
  assets/scss/_mixins.scss 74:36  dark-mode()
  assets/scss/app.scss 684:1      root stylesheet
    at processResult (/var/www/html/node_modules/webpack/lib/NormalModule.js:841:19)
    at /var/www/html/node_modules/webpack/lib/NormalModule.js:966:5
    at /var/www/html/node_modules/loader-runner/lib/LoaderRunner.js:400:11
    at /var/www/html/node_modules/loader-runner/lib/LoaderRunner.js:252:18
    at context.callback (/var/www/html/node_modules/loader-runner/lib/LoaderRunner.js:124:13)
    at /var/www/html/node_modules/sass-loader/dist/index.js:54:7
    at Function.call$2 (/var/www/html/node_modules/sass/sass.dart.js:118498:16)
    at render_closure1.call$2 (/var/www/html/node_modules/sass/sass.dart.js:101897:12)
    at _RootZone.runBinary$3$3 (/var/www/html/node_modules/sass/sass.dart.js:37661:18)
    at _FutureListener.handleError$1 (/var/www/html/node_modules/sass/sass.dart.js:36177:21)
    at _Future__propagateToListeners_handleError.call$0 (/var/www/html/node_modules/sass/sass.dart.js:36492:49)
    at Object._Future__propagateToListeners (/var/www/html/node_modules/sass/sass.dart.js:5134:77)
    at _Future._completeError$2 (/var/www/html/node_modules/sass/sass.dart.js:36343:9)
    at _AsyncAwaitCompleter.completeError$2 (/var/www/html/node_modules/sass/sass.dart.js:35959:12)
    at Object._asyncRethrow (/var/www/html/node_modules/sass/sass.dart.js:4921:17)
    at /var/www/html/node_modules/sass/sass.dart.js:27146:20
    at _wrapJsFunctionForAsync_closure.$protected (/var/www/html/node_modules/sass/sass.dart.js:4946:15)
    at _wrapJsFunctionForAsync_closure.call$2 (/var/www/html/node_modules/sass/sass.dart.js:35978:12)
    at _awaitOnObject_closure0.call$2 (/var/www/html/node_modules/sass/sass.dart.js:35972:25)
    at _RootZone.runBinary$3$3 (/var/www/html/node_modules/sass/sass.dart.js:37661:18)
    at _FutureListener.handleError$1 (/var/www/html/node_modules/sass/sass.dart.js:36177:21)
    at _Future__propagateToListeners_handleError.call$0 (/var/www/html/node_modules/sass/sass.dart.js:36492:49)
    at Object._Future__propagateToListeners (/var/www/html/node_modules/sass/sass.dart.js:5134:77)
    at _Future._completeError$2 (/var/www/html/node_modules/sass/sass.dart.js:36343:9)
    at _AsyncAwaitCompleter.completeError$2 (/var/www/html/node_modules/sass/sass.dart.js:35959:12)
    at Object._asyncRethrow (/var/www/html/node_modules/sass/sass.dart.js:4921:17)
    at /var/www/html/node_modules/sass/sass.dart.js:19826:20
    at _wrapJsFunctionForAsync_closure.$protected (/var/www/html/node_modules/sass/sass.dart.js:4946:15)
    at _wrapJsFunctionForAsync_closure.call$2 (/var/www/html/node_modules/sass/sass.dart.js:35978:12)
    at _awaitOnObject_closure0.call$2 (/var/www/html/node_modules/sass/sass.dart.js:35972:25)
    at _RootZone.runBinary$3$3 (/var/www/html/node_modules/sass/sass.dart.js:37661:18)
    at _FutureListener.handleError$1 (/var/www/html/node_modules/sass/sass.dart.js:36177:21)
    at _Future__propagateToListeners_handleError.call$0 (/var/www/html/node_modules/sass/sass.dart.js:36492:49)
    at Object._Future__propagateToListeners (/var/www/html/node_modules/sass/sass.dart.js:5134:77)
    at _Future._completeError$2 (/var/www/html/node_modules/sass/sass.dart.js:36343:9)
    at _AsyncAwaitCompleter.completeError$2 (/var/www/html/node_modules/sass/sass.dart.js:35959:12)
    at Object._asyncRethrow (/var/www/html/node_modules/sass/sass.dart.js:4921:17)
    at /var/www/html/node_modules/sass/sass.dart.js:19870:20
    at _wrapJsFunctionForAsync_closure.$protected (/var/www/html/node_modules/sass/sass.dart.js:4946:15)
    at _wrapJsFunctionForAsync_closure.call$2 (/var/www/html/node_modules/sass/sass.dart.js:35978:12)
    at _awaitOnObject_closure0.call$2 (/var/www/html/node_modules/sass/sass.dart.js:35972:25)
    at _RootZone.runBinary$3$3 (/var/www/html/node_modules/sass/sass.dart.js:37661:18)
    at _FutureListener.handleError$1 (/var/www/html/node_modules/sass/sass.dart.js:36177:21)
    at _Future__propagateToListeners_handleError.call$0 (/var/www/html/node_modules/sass/sass.dart.js:36492:49)
    at Object._Future__propagateToListeners (/var/www/html/node_modules/sass/sass.dart.js:5134:77)
    at _Future._completeError$2 (/var/www/html/node_modules/sass/sass.dart.js:36343:9)
    at _AsyncAwaitCompleter.completeError$2 (/var/www/html/node_modules/sass/sass.dart.js:35959:12)
    at Object._asyncRethrow (/var/www/html/node_modules/sass/sass.dart.js:4921:17)
    at /var/www/html/node_modules/sass/sass.dart.js:81494:24
    at _wrapJsFunctionForAsync_closure.$protected (/var/www/html/node_modules/sass/sass.dart.js:4946:15)

Entrypoint app [big] 2.29 MiB (152 KiB) = app.css 268 KiB app.js 2.03 MiB 9 auxiliary assets
Entrypoint _tmp_copy (56.3 KiB) = 9 auxiliary assets
webpack compiled with 2 errors
error Command failed with exit code 1.
info Visit https://yarnpkg.com/en/docs/cli/run for documentation about this command.
